﻿
> sabrina-gonzalez---psicologia-cl├¡nica@0.0.0 build
> vite build

[36mvite v6.4.1 [32mbuilding for production...[36m[39m
transforming...
[32mÔ£ô[39m 9 modules transformed.
node.exe : 
[31mÔ£ù[39m Build 
failed in 463ms
No C:\Program Files\no
dejs\npm.ps1:29 
caractere:3
+   & $NODE_EXE 
$NPM_CLI_JS $args
+   ~~~~~~~~~~~~~~~~~~
~~~~~~~~~~~
    + CategoryInfo    
          : NotSpeci  
  fied: ([31mÔ£ù[   
 39m Build failed     
in 463ms:String)     
[], RemoteExcepti    
on
    + FullyQualifiedE 
   rrorId : NativeCo  
  mmandError
 
[31merror during 
build:
[31m[vite:css] 
[postcss] It looks 
like you're trying to 
use `tailwindcss` 
directly as a PostCSS 
plugin. The PostCSS 
plugin has moved to a 
separate package, so 
to continue using 
Tailwind CSS with 
PostCSS you'll need 
to install `@tailwindc
ss/postcss` and 
update your PostCSS 
configuration.[31m
file: [36mC:/Users/ga
bri/Downloads/sabrina-
lp/src/index.css:undef
ined:NaN[31m
    at at (C:\Users\ga
bri\Downloads\sabrina-
lp\node_modules\tailwi
ndcss\dist\lib.js:38:1
629)
    at 
LazyResult.runOnRoot (
C:\Users\gabri\Downloa
ds\sabrina-lp\node_mod
ules\postcss\lib\lazy-
result.js:361:16)
    at 
LazyResult.runAsync (C
:\Users\gabri\Download
s\sabrina-lp\node_modu
les\postcss\lib\lazy-r
esult.js:290:26)
    at 
LazyResult.async (C:\U
sers\gabri\Downloads\s
abrina-lp\node_modules
\postcss\lib\lazy-resu
lt.js:192:30)
    at 
LazyResult.then (C:\Us
ers\gabri\Downloads\sa
brina-lp\node_modules\
postcss\lib\lazy-resul
t.js:436:17)[39m
