src/App.tsx(4,10): error TS2305: Module '"./components/About"' has no exported member 'About'.
src/components/About.tsx(1,1): error TS2349: This expression is not callable.
  Type 'String' has no call signatures.
